-- init
-- a window
                              
 [36;40m+ [93;40mSettings[36;40m ----------+[0m       
 [36;40m|[0m volume             [36;40m|[0m       
 [36;40m|[0m [30;42m#######[37;44m------[0m  60% [36;40m|[0m       
 [36;40m|[0m         ok         [36;40m|[0m       
 [36;40m+--------------------+[0m       
                              
                              
                              
                              
                              
                              
-- buttons and a status line
                              
                              
  [30;47m[ OK ][0m  [ Cancel ]          
                              
                              
                              
                              
                              
                              
                              
                              
[30;46mready                         [0m
-- progress
[37;44m---------------[0m   0%          
[30;42m###############[0m 100%          
[30;42m####[37;44m-----------[0m  33%          
[30;42m###############[0m 100%          
[37;44m---------------[0m   0%          
                              
                              
                              
                              
                              
                              
                              
-- a list scrolls to keep the selection on screen
                              
 [30;47mtwo     [0m                     
 three                        
 four                         
                              
                              
                              
                              
                              
                              
                              
                              
-- a menu on the terminal keys
                              
  [36;40m+ [93;40mColour[36;40m --+[0m                
  [36;40m|[0m [30;47mred     [0m [36;40m|[0m                
  [36;40m|[0m green    [36;40m|[0m                
  [36;40m|[0m blue     [36;40m|[0m                
  [36;40m+----------+[0m                
                              
                              
                              
                              
                              
[30;46mw/s or arrows: move   enter: c[0m
                              
  [36;40m+ [93;40mColour[36;40m --+[0m                
  [36;40m|[0m red      [36;40m|[0m                
  [36;40m|[0m [30;47mgreen   [0m [36;40m|[0m                
  [36;40m|[0m blue     [36;40m|[0m                
  [36;40m+----------+[0m                
                              
                              
                              
                              
                              
[30;46mw/s or arrows: move   enter: c[0m
                              
  [36;40m+ [93;40mColour[36;40m --+[0m                
  [36;40m|[0m [30;47mred     [0m [36;40m|[0m                
  [36;40m|[0m green    [36;40m|[0m                
  [36;40m|[0m blue     [36;40m|[0m                
  [36;40m+----------+[0m                
                              
                              
                              
                              
                              
[30;46mw/s or arrows: move   enter: c[0m
                              
  [36;40m+ [93;40mColour[36;40m --+[0m                
  [36;40m|[0m red      [36;40m|[0m                
  [36;40m|[0m [30;47mgreen   [0m [36;40m|[0m                
  [36;40m|[0m blue     [36;40m|[0m                
  [36;40m+----------+[0m                
                              
                              
                              
                              
                              
[30;46mw/s or arrows: move   enter: c[0m
                              
  [36;40m+ [93;40mColour[36;40m --+[0m                
  [36;40m|[0m red      [36;40m|[0m                
  [36;40m|[0m green    [36;40m|[0m                
  [36;40m|[0m [30;47mblue    [0m [36;40m|[0m                
  [36;40m+----------+[0m                
                              
                              
                              
                              
                              
[30;46mw/s or arrows: move   enter: c[0m
                              
  [36;40m+ [93;40mColour[36;40m --+[0m                
  [36;40m|[0m [30;47mred     [0m [36;40m|[0m                
  [36;40m|[0m green    [36;40m|[0m                
  [36;40m|[0m blue     [36;40m|[0m                
  [36;40m+----------+[0m                
                              
                              
                              
                              
                              
[30;46mw/s or arrows: move   enter: c[0m
                              
  [36;40m+ [93;40mColour[36;40m --+[0m                
  [36;40m|[0m [30;47mred     [0m [36;40m|[0m                
  [36;40m|[0m green    [36;40m|[0m                
  [36;40m|[0m blue     [36;40m|[0m                
  [36;40m+----------+[0m                
                              
                              
                              
                              
                              
[30;46mw/s or arrows: move   enter: c[0m
                              
  [36;40m+ [93;40mColour[36;40m --+[0m                
  [36;40m|[0m [30;47mred     [0m [36;40m|[0m                
  [36;40m|[0m green    [36;40m|[0m                
  [36;40m|[0m blue     [36;40m|[0m                
  [36;40m+----------+[0m                
                              
                              
                              
                              
                              
[30;46mw/s or arrows: move   enter: c[0m
                              
  [36;40m+ [93;40mColour[36;40m --+[0m                
  [36;40m|[0m [30;47mred     [0m [36;40m|[0m                
  [36;40m|[0m green    [36;40m|[0m                
  [36;40m|[0m blue     [36;40m|[0m                
  [36;40m+----------+[0m                
                              
                              
                              
                              
                              
[30;46mw/s or arrows: move   enter: c[0m
                              
  [36;40m+ [93;40mColour[36;40m --+[0m                
  [36;40m|[0m [30;47mred     [0m [36;40m|[0m                
  [36;40m|[0m green    [36;40m|[0m                
  [36;40m|[0m blue     [36;40m|[0m                
  [36;40m+----------+[0m                
                              
                              
                              
                              
                              
[30;46mw/s or arrows: move   enter: c[0m
                              
  [36;40m+ [93;40mColour[36;40m --+[0m                
  [36;40m|[0m [30;47mred     [0m [36;40m|[0m                
  [36;40m|[0m green    [36;40m|[0m                
  [36;40m|[0m blue     [36;40m|[0m                
  [36;40m+----------+[0m                
                              
                              
                              
                              
                              
[30;46mw/s or arrows: move   enter: c[0m
ALL PASSED 25/25
