-- size
-- points and clipping
-- a frame
+------------------+
| Ceres   : ab     |
| x=42 y=-: cd     |
| =====   : ef     |
|         :        |
+------------------+
-- shapes
@@......oooooo...~~~
@@####..o....o......
.#####..o....o+----+
.#####..oooooo|....!
..............|....!
..............+----!
-- copy
defdefdef           
abcdefjkl           
ghijkl              
                    
abcdef              
                    
-- scroll
row 2               
row 3               
row 4               
row 5               
                    
                    
-- a wide grid
+----------------------------------+
| 012345678901234567890123456789012|
+----------------------------------+
ALL PASSED 41/41
