-- tables: trigonometric
-- tables: exponential and logarithmic
-- tables: hyperbolic and roots
-- classification
-- the one-instruction functions
-- trigonometric: identities
-- inverse trigonometric: quadrants and specials
-- domain and range errors
-- exp and log
-- pow
-- hyperbolic, roots and hypot
-- ldexp, frexp, modf
-- rounding
-- remainder, fdim, nan
-- aliases
ALL PASSED 2112/2112
