-- tables: trigonometric
-- tables: exponential and logarithmic
-- tables: hyperbolic and roots
-- tables: error and gamma functions
-- classification
-- the one-instruction functions
-- builtin macros and the functions agree
-- trigonometric: identities
-- ilogb, logb, nextafter
-- erf, erfc, tgamma, lgamma
-- inverse trigonometric: quadrants and specials
-- domain and range errors
-- exp and log
-- pow
-- hyperbolic, roots and hypot
-- ldexp, frexp, modf
-- rounding
-- llround and llrint: 64 bits
-- remainder, fdim, nan
-- aliases
ALL PASSED 2358/2358
